// Jest Snapshot v1, https://goo.gl/fbAQLP

exports[`renders correctly 1`] = `
<Text
  style={
    Object {
      "color": "#263150",
      "fontSize": 40,
      "marginBottom": 25,
      "paddingLeft": 35,
    }
  }
>
  Test String
</Text>
`;
